+incdir+$CUR_PROJ_DIR/rtl/top
+incdir+$CUR_PROJ_DIR/models
+incdir+./
$CUR_PROJ_DIR/rtl/ahb_interface/csi2tx_ahb_slave_iface_top.v          
$CUR_PROJ_DIR/rtl/ahb_interface/csi2tx_ahb_slave_iface.v          
$CUR_PROJ_DIR/rtl/ahb_interface/csi2tx_register_iface.v          
$CUR_PROJ_DIR/rtl/clock_lane_ctrl/csi2tx_clock_lane_ctrl.v          
$CUR_PROJ_DIR/rtl/clock_synchronizers/csi2tx_double_flop_sync.v          
$CUR_PROJ_DIR/rtl/clock_synchronizers/csi2tx_sync_module.v          
$CUR_PROJ_DIR/rtl/clock_synchronizers/csi2tx_sync_pulse.v          
$CUR_PROJ_DIR/rtl/clock_synchronizers/csi2tx_mux_based_sync.v 
$CUR_PROJ_DIR/rtl/lane_management_layer/csi2tx_lane_distribution_top.v
$CUR_PROJ_DIR/rtl/lane_management_layer/csi2tx_one_lane_ldl.v
$CUR_PROJ_DIR/rtl/lane_management_layer/csi2tx_two_lane_ldl.v
$CUR_PROJ_DIR/rtl/lane_management_layer/csi2tx_three_lane_ldl.v
$CUR_PROJ_DIR/rtl/lane_management_layer/csi2tx_four_lane_ldl.v
$CUR_PROJ_DIR/rtl/lane_management_layer/csi2tx_five_lane_ldl.v               
$CUR_PROJ_DIR/rtl/lane_management_layer/csi2tx_six_lane_ldl.v
$CUR_PROJ_DIR/rtl/lane_management_layer/csi2tx_seven_lane_ldl.v
$CUR_PROJ_DIR/rtl/lane_management_layer/csi2tx_eight_lane_ldl.v
$CUR_PROJ_DIR/rtl/low_level_protocol/csi2tx_crc16_d64.v  
$CUR_PROJ_DIR/rtl/low_level_protocol/csi2tx_ecc_24.v  
$CUR_PROJ_DIR/rtl/low_level_protocol/csi2tx_packet_interface.v
$CUR_PROJ_DIR/rtl/low_level_protocol/csi2tx_sync_reg_buffer.v    
$CUR_PROJ_DIR/rtl/low_level_protocol/csi2tx_llp_top.v 
$CUR_PROJ_DIR/rtl/packet_reader/csi2tx_packet_rdr.v          
$CUR_PROJ_DIR/rtl/pixel2byte/csi2tx_compressor.v      
$CUR_PROJ_DIR/rtl/pixel2byte/csi2tx_decoder.v      
$CUR_PROJ_DIR/rtl/pixel2byte/csi2tx_encoder.v      
$CUR_PROJ_DIR/rtl/pixel2byte/csi2tx_lyuv4208b_p2b.v      
$CUR_PROJ_DIR/rtl/pixel2byte/csi2tx_packet_aligner.v      
$CUR_PROJ_DIR/rtl/pixel2byte/csi2tx_pixel2byte_iface_top.v      
$CUR_PROJ_DIR/rtl/pixel2byte/csi2tx_predictor.v      
$CUR_PROJ_DIR/rtl/pixel2byte/csi2tx_raw6_p2b.v      
$CUR_PROJ_DIR/rtl/pixel2byte/csi2tx_raw7_p2b.v      
$CUR_PROJ_DIR/rtl/pixel2byte/csi2tx_raw8_p2b.v      
$CUR_PROJ_DIR/rtl/pixel2byte/csi2tx_raw10_p2b.v      
$CUR_PROJ_DIR/rtl/pixel2byte/csi2tx_raw12_p2b.v      
$CUR_PROJ_DIR/rtl/pixel2byte/csi2tx_raw14_p2b.v      
$CUR_PROJ_DIR/rtl/pixel2byte/csi2tx_rgb565_p2b.v      
$CUR_PROJ_DIR/rtl/pixel2byte/csi2tx_rgb666_p2b.v      
$CUR_PROJ_DIR/rtl/pixel2byte/csi2tx_rgb888_p2b.v      
$CUR_PROJ_DIR/rtl/pixel2byte/csi2tx_yuv420_10b_p2b.v      
$CUR_PROJ_DIR/rtl/pixel2byte/csi2tx_yuv422_10b_p2b.v      
$CUR_PROJ_DIR/rtl/pixel2byte/csi2tx_yuv4208b_p2b.v      
$CUR_PROJ_DIR/rtl/pixel2byte/csi2tx_yuv4228b_p2b.v      
$CUR_PROJ_DIR/rtl/sensor_iface/csi2tx_sensor_iface.v      
$CUR_PROJ_DIR/rtl/top/csi2tx.v      
$CUR_PROJ_DIR/rtl/top/csi2tx_defines.v      
$CUR_PROJ_DIR/rtl/top/csi2tx_mipi_top.v      
$CUR_PROJ_DIR/rtl/top/csi2tx_reset_sync.v      
$CUR_PROJ_DIR/rtl/top/csi2tx_sensor_fifo_ctrl.v      

         
$CUR_PROJ_DIR/models/test_env/test_env.sv         
$CUR_PROJ_DIR/models/test_env/csi2tx_clk_gen.sv  
$CUR_PROJ_DIR/models/ahb_model/csi2tx_ahb_master_model.v
$CUR_PROJ_DIR/models/ahb_model/csi2tx_ahb_arbiter_model.v
$CUR_PROJ_DIR/models/ahb_model/csi2tx_ahb_mux_mod.v
$CUR_PROJ_DIR/models/ahb_model/csi2tx_ahb_decoder.v
$CUR_PROJ_DIR/models/pkt_interface/csi2tx_pkt_interface_bfm.sv
$CUR_PROJ_DIR/models/ram/csi2tx_RA2SD1024x64.v
$CUR_PROJ_DIR/models/ram/csi2tx_RA2SD1024x32.v
$CUR_PROJ_DIR/models/monitor/csi2tx_monitor.sv          
$CUR_PROJ_DIR/models/assertion/csi2tx_assertion.sv          
$CUR_PROJ_DIR/models/csi_rx_bfm/csi2rx_bfm.v          
$CUR_PROJ_DIR/models/csi_rx_bfm/csi2rx_decoder_bfm.v
$CUR_PROJ_DIR/models/dphy/csi2tx_phy_afe_buf.v
$CUR_PROJ_DIR/models/dphy/csi2tx_dphy_top.v
$CUR_PROJ_DIR/models/dphy/csi2tx_dphy_afe_dfe_top.v
$CUR_PROJ_DIR/models/dphy/csi2tx_dphy_clock_top.v
$CUR_PROJ_DIR/models/dphy/csi2tx_dphy_data_top.v
$CUR_PROJ_DIR/models/dphy/csi2tx_dphy_dat_lane_rxr.v
$CUR_PROJ_DIR/models/dphy/csi2tx_dphy_dat_lane_txr.v
$CUR_PROJ_DIR/models/dphy/csi2tx_dphy_glue.v
$CUR_PROJ_DIR/models/dphy/csi2tx_dphy_clk_lane_txr.v
$CUR_PROJ_DIR/models/dphy/csi2tx_dphy_clk_lane_lp_rxr.v
$CUR_PROJ_DIR/models/dphy/csi2tx_dphy_cru.v
$CUR_PROJ_DIR/models/dphy/csi2tx_dphy_byte_clk_gen.v
$CUR_PROJ_DIR/models/dphy/csi2tx_dphy_dat_lane_rxclkesc_gen.v
        
